
Merging program properties


Discarded input sections

 .note.gnu.property
                0x0000000000000000        0x0 temp/objects/files_app.o

Memory Configuration

Name             Origin             Length             Attributes
*default*        0x0000000000000000 0xffffffffffffffff

Linker script and memory map

LOAD temp/objects/start.o
LOAD temp/objects/vectors.o
LOAD temp/objects/swtch.o
LOAD temp/objects/kernel.o
LOAD temp/objects/uart.o
LOAD temp/objects/palloc.o
LOAD temp/objects/kmalloc.o
LOAD temp/objects/ramfs.o
LOAD temp/objects/lib.o
LOAD temp/objects/syscall.o
LOAD temp/objects/timer.o
LOAD temp/objects/irq.o
LOAD temp/objects/framebuffer.o
LOAD temp/objects/virtio.o
LOAD temp/objects/init.o
LOAD temp/objects/programs.o
LOAD temp/objects/echo.o
LOAD temp/objects/help.o
LOAD temp/objects/touch.o
LOAD temp/objects/write.o
LOAD temp/objects/cat.o
LOAD temp/objects/ls.o
LOAD temp/objects/rm.o
LOAD temp/objects/mkdir.o
LOAD temp/objects/rmdir.o
LOAD temp/objects/cp.o
LOAD temp/objects/mv.o
LOAD temp/objects/grep.o
LOAD temp/objects/head.o
LOAD temp/objects/tail.o
LOAD temp/objects/more.o
LOAD temp/objects/tree.o
LOAD temp/objects/shell.o
LOAD temp/objects/sched.o
LOAD temp/objects/panic.o
LOAD temp/objects/service.o
LOAD temp/objects/glob.o
LOAD temp/objects/pty.o
LOAD temp/objects/input.o
LOAD temp/objects/wm.o
LOAD temp/objects/terminal_app.o
LOAD temp/objects/myra_app.o
LOAD temp/objects/calculator_app.o
LOAD temp/objects/files_app.o
                0x0000000040800000                . = 0x40800000

.text           0x0000000040800000    0x19e90
 *(.text.boot)
 .text.boot     0x0000000040800000       0x80 temp/objects/start.o
                0x0000000040800000                _start
 *(.text .text.*)
 .text          0x0000000040800080        0x0 temp/objects/start.o
 *fill*         0x0000000040800080      0x780 
 .text          0x0000000040800800      0x814 temp/objects/vectors.o
                0x0000000040800800                vectors
 .text          0x0000000040801014       0x64 temp/objects/swtch.o
                0x0000000040801014                cpu_switch_to
                0x0000000040801058                ret_from_fork
 .text          0x0000000040801078      0x264 temp/objects/kernel.o
                0x0000000040801078                kernel_main
 .text          0x00000000408012dc      0x214 temp/objects/uart.o
                0x0000000040801318                uart_putc
                0x000000004080135c                uart_puts
                0x00000000408013b8                uart_getc
                0x00000000408013fc                uart_haschar
                0x0000000040801428                panic
                0x000000004080145c                uart_put_hex
 .text          0x00000000408014f0      0x3d0 temp/objects/palloc.o
                0x00000000408014f0                palloc_init
                0x000000004080167c                palloc_alloc_contig
                0x00000000408017c8                palloc_alloc
                0x00000000408017e0                palloc_free
 .text          0x00000000408018c0      0x3d0 temp/objects/kmalloc.o
                0x00000000408018c0                kmalloc_init
                0x000000004080194c                kmalloc
                0x0000000040801c0c                kfree
 .text          0x0000000040801c90     0x1198 temp/objects/ramfs.o
                0x0000000040801c90                ramfs_init
                0x0000000040801d08                ramfs_create
                0x0000000040801dac                ramfs_mkdir
                0x0000000040801eb8                ramfs_write
                0x0000000040801fac                ramfs_read
                0x0000000040802058                ramfs_list
                0x00000000408023e0                ramfs_is_dir
                0x00000000408024c8                ramfs_remove
                0x00000000408026f0                ramfs_remove_recursive
                0x0000000040802878                ramfs_export
                0x0000000040802bb0                ramfs_import
 .text          0x0000000040802e28      0xebc temp/objects/lib.o
                0x0000000040802e28                memset
                0x0000000040802e7c                memcpy
                0x0000000040802ee0                memmove
                0x0000000040802fc8                memcmp
                0x000000004080306c                strncpy
                0x000000004080311c                strcat
                0x000000004080318c                strrchr
                0x00000000408031ec                strncmp
                0x00000000408032a8                strlen
                0x00000000408032ec                strcmp
                0x000000004080335c                strchr
                0x00000000408033b8                strstr
                0x0000000040803480                strcpy
                0x00000000408034d0                strtok
                0x0000000040803668                atoi
                0x0000000040803764                levenshtein_distance
                0x000000004080397c                tolower
                0x00000000408039b4                strcasestr
                0x0000000040803ab8                levenshtein_distance_ci
 .text          0x0000000040803ce4      0x750 temp/objects/syscall.o
                0x0000000040803ce4                syscall_init
                0x0000000040803d28                syscall_register
                0x0000000040803d68                syscall_handle
                0x00000000408042c0                syscall_register_defaults
 .text          0x0000000040804434       0x94 temp/objects/timer.o
                0x0000000040804434                timer_init
                0x0000000040804448                timer_get_ms
                0x0000000040804458                timer_sleep_ms
                0x0000000040804490                timer_poll_and_advance
 .text          0x00000000408044c8      0x244 temp/objects/irq.o
                0x00000000408044c8                irq_init
                0x0000000040804560                irq_register
                0x0000000040804628                irq_poll_and_dispatch
                0x00000000408046ec                irq_entry_c
 .text          0x000000004080470c      0xbcc temp/objects/framebuffer.o
                0x0000000040804784                fb_init
                0x0000000040804814                fb_is_init
                0x0000000040804824                fb_get_res
                0x000000004080487c                fb_fill
                0x0000000040804950                fb_set_pixel
                0x0000000040804a10                fb_draw_rect
                0x0000000040804ac0                fb_draw_rect_outline
                0x0000000040804bd0                fb_draw_hline
                0x0000000040804c58                fb_draw_vline
                0x0000000040804ce0                fb_draw_text
                0x0000000040804f00                fb_put_text_centered
                0x000000004080507c                fb_puts
 .text          0x00000000408052d8     0x175c temp/objects/virtio.o
                0x000000004080564c                virtio_init
                0x0000000040805678                virtio_gpu_init
                0x0000000040805fd4                virtio_gpu_flush
                0x00000000408060f4                virtio_input_init
                0x0000000040806794                virtio_input_poll
                0x0000000040806a14                virtio_gpu_get_width
                0x0000000040806a24                virtio_gpu_get_height
 .text          0x0000000040806a34      0x600 temp/objects/init.o
                0x0000000040806a34                init_puts
                0x0000000040806a64                init_getc
                0x0000000040806a8c                init_ramfs_create
                0x0000000040806ab8                init_ramfs_read
                0x0000000040806af0                init_ramfs_remove
                0x0000000040806b1c                init_ramfs_mkdir
                0x0000000040806b48                init_ramfs_list
                0x0000000040806b80                init_ramfs_export
                0x0000000040806bac                init_ramfs_import
                0x0000000040806bd8                init_ramfs_remove_recursive
                0x0000000040806c04                init_service_load_all
                0x0000000040806c28                init_service_load_unit
                0x0000000040806c54                init_service_start
                0x0000000040806c80                init_service_stop
                0x0000000040806cac                init_service_restart
                0x0000000040806cd8                init_service_reload
                0x0000000040806d04                init_service_enable
                0x0000000040806d30                init_service_disable
                0x0000000040806d5c                init_service_status
                0x0000000040806d94                init_ramfs_write
                0x0000000040806ee4                init_start_shell
                0x0000000040806f10                init_main
 .text          0x0000000040807034      0x158 temp/objects/programs.o
                0x0000000040807034                program_lookup
                0x00000000408070d8                program_list
 .text          0x000000004080718c      0x14c temp/objects/echo.o
                0x000000004080718c                prog_echo
 .text          0x00000000408072d8       0xfc temp/objects/help.o
                0x00000000408072d8                prog_help
 .text          0x00000000408073d4       0xf0 temp/objects/touch.o
                0x00000000408073d4                prog_touch
 .text          0x00000000408074c4      0x258 temp/objects/write.o
                0x00000000408074c4                prog_write
 .text          0x000000004080771c       0xf0 temp/objects/cat.o
                0x000000004080771c                prog_cat
 .text          0x000000004080780c      0x690 temp/objects/ls.o
                0x000000004080780c                prog_ls
 .text          0x0000000040807e9c      0x21c temp/objects/rm.o
                0x0000000040807e9c                prog_rm
 .text          0x00000000408080b8      0x158 temp/objects/mkdir.o
                0x00000000408080b8                prog_mkdir
 .text          0x0000000040808210       0xf0 temp/objects/rmdir.o
                0x0000000040808210                prog_rmdir
 .text          0x0000000040808300      0x1c0 temp/objects/cp.o
                0x0000000040808300                prog_cp
 .text          0x00000000408084c0      0x1dc temp/objects/mv.o
                0x00000000408084c0                prog_mv
 .text          0x000000004080869c      0x460 temp/objects/grep.o
                0x0000000040808794                prog_grep
 .text          0x0000000040808afc      0x2bc temp/objects/head.o
                0x0000000040808afc                prog_head
 .text          0x0000000040808db8      0x324 temp/objects/tail.o
                0x0000000040808db8                prog_tail
 .text          0x00000000408090dc      0x31c temp/objects/more.o
                0x00000000408090dc                prog_more
 .text          0x00000000408093f8      0xa5c temp/objects/tree.o
                0x00000000408097c0                prog_tree
 .text          0x0000000040809e54     0x5918 temp/objects/shell.o
                0x0000000040809e54                init_resolve_path
                0x000000004080ec4c                shell_main
                0x000000004080f3c8                shell_exec
 .text          0x000000004080f76c     0x1a08 temp/objects/sched.o
                0x000000004080f76c                scheduler_request_preempt
                0x000000004080f784                scheduler_init
                0x000000004080f80c                task_create_with_stack
                0x000000004080fecc                task_create
                0x00000000408100d8                schedule
                0x0000000040810694                yield
                0x00000000408106ac                task_exists
                0x0000000040810838                task_kill
                0x000000004081093c                task_exit
                0x00000000408109a8                task_current_id
                0x00000000408109d8                task_set_tty
                0x0000000040810a6c                task_get_tty
                0x0000000040810afc                task_set_fn_null
                0x0000000040810b90                task_set_parent
                0x0000000040810c2c                task_block_current_until
                0x0000000040810ca4                scheduler_tick_advance
                0x0000000040810df4                scheduler_get_tick
                0x0000000040810e04                task_stats
                0x0000000040811010                task_list
                0x00000000408110cc                scheduler_ret_from_fork_debug
                0x0000000040811140                scheduler_switch_debug
 .text          0x0000000040811174      0x240 temp/objects/panic.o
                0x0000000040811260                panic_with_trace
                0x000000004081131c                exception_c_handler
 .text          0x00000000408113b4     0x1e00 temp/objects/service.o
                0x0000000040811c50                services_init
                0x0000000040811c94                service_load_unit
                0x00000000408122a0                services_load_all
                0x0000000040812420                service_start
                0x00000000408127c8                service_stop
                0x000000004081283c                service_restart
                0x0000000040812860                service_reload
                0x00000000408129dc                service_enable
                0x0000000040812b00                service_disable
                0x0000000040812c20                service_status
 .text          0x00000000408131b4      0x3c4 temp/objects/glob.o
                0x0000000040813350                glob_match
 .text          0x0000000040813578      0x424 temp/objects/pty.o
                0x00000000408135bc                pty_alloc
                0x0000000040813610                pty_write_in
                0x00000000408136ac                pty_read_in
                0x0000000040813758                pty_write_out
                0x00000000408137f8                pty_read_out
                0x00000000408138a8                pty_has_out
                0x000000004081390c                pty_has_in
                0x0000000040813970                pty_free
 .text          0x000000004081399c      0x314 temp/objects/input.o
                0x00000000408139e8                input_push_event
                0x0000000040813b44                input_pop_key_event
                0x0000000040813be0                input_pop_mouse_event
                0x0000000040813c7c                input_pop_event
 .text          0x0000000040813cb0     0x1be8 temp/objects/wm.o
                0x0000000040813d70                wm_init
                0x0000000040813dfc                wm_create_window
                0x0000000040813f98                wm_close_window
                0x000000004081408c                wm_get_mouse_state
                0x0000000040814108                wm_is_focused
                0x0000000040814148                wm_pop_key_event
                0x0000000040814c98                wm_set_state
                0x0000000040814e78                wm_compose
                0x000000004081586c                wm_start_task
 .text          0x0000000040815898      0x890 temp/objects/terminal_app.o
                0x0000000040815e8c                terminal_app_start
 .text          0x0000000040816128     0x10b8 temp/objects/myra_app.o
                0x0000000040817038                myra_app_open
 .text          0x00000000408171e0     0x1580 temp/objects/calculator_app.o
                0x0000000040818660                calculator_app_start
 .text          0x0000000040818760     0x1730 temp/objects/files_app.o
                0x0000000040819c78                files_app_start

.iplt           0x0000000040819e90        0x0
 .iplt          0x0000000040819e90        0x0 temp/objects/start.o

.rodata         0x0000000040819e90     0x2310
 *(.rodata .rodata.*)
 .rodata        0x0000000040819e90       0xc5 temp/objects/kernel.o
 *fill*         0x0000000040819f55        0x3 
 .rodata        0x0000000040819f58       0x39 temp/objects/uart.o
 *fill*         0x0000000040819f91        0x7 
 .rodata        0x0000000040819f98       0x8d temp/objects/palloc.o
 *fill*         0x000000004081a025        0x3 
 .rodata        0x000000004081a028       0x7b temp/objects/kmalloc.o
 *fill*         0x000000004081a0a3        0x5 
 .rodata        0x000000004081a0a8        0x2 temp/objects/ramfs.o
 *fill*         0x000000004081a0aa        0x6 
 .rodata        0x000000004081a0b0      0x274 temp/objects/framebuffer.o
 *fill*         0x000000004081a324        0x4 
 .rodata        0x000000004081a328      0x50f temp/objects/virtio.o
 *fill*         0x000000004081a837        0x1 
 .rodata        0x000000004081a838      0x1ba temp/objects/init.o
 *fill*         0x000000004081a9f2        0x6 
 .rodata        0x000000004081a9f8       0x7d temp/objects/programs.o
 *fill*         0x000000004081aa75        0x3 
 .rodata        0x000000004081aa78       0x26 temp/objects/touch.o
 *fill*         0x000000004081aa9e        0x2 
 .rodata        0x000000004081aaa0       0x2e temp/objects/write.o
 *fill*         0x000000004081aace        0x2 
 .rodata        0x000000004081aad0       0x1e temp/objects/cat.o
 *fill*         0x000000004081aaee        0x2 
 .rodata        0x000000004081aaf0       0x5c temp/objects/ls.o
 *fill*         0x000000004081ab4c        0x4 
 .rodata        0x000000004081ab50       0x36 temp/objects/rm.o
 *fill*         0x000000004081ab86        0x2 
 .rodata        0x000000004081ab88       0x24 temp/objects/mkdir.o
 *fill*         0x000000004081abac        0x4 
 .rodata        0x000000004081abb0       0x26 temp/objects/rmdir.o
 *fill*         0x000000004081abd6        0x2 
 .rodata        0x000000004081abd8       0x24 temp/objects/cp.o
 *fill*         0x000000004081abfc        0x4 
 .rodata        0x000000004081ac00       0x24 temp/objects/mv.o
 *fill*         0x000000004081ac24        0x4 
 .rodata        0x000000004081ac28       0x1e temp/objects/grep.o
 *fill*         0x000000004081ac46        0x2 
 .rodata        0x000000004081ac48       0x22 temp/objects/tree.o
 *fill*         0x000000004081ac6a        0x6 
 .rodata        0x000000004081ac70      0x633 temp/objects/shell.o
 *fill*         0x000000004081b2a3        0x5 
 .rodata        0x000000004081b2a8      0x415 temp/objects/sched.o
 *fill*         0x000000004081b6bd        0x3 
 .rodata        0x000000004081b6c0       0x82 temp/objects/panic.o
 *fill*         0x000000004081b742        0x6 
 .rodata        0x000000004081b748      0x2a9 temp/objects/service.o
 *fill*         0x000000004081b9f1        0x7 
 .rodata        0x000000004081b9f8       0x37 temp/objects/pty.o
 *fill*         0x000000004081ba2f        0x1 
 .rodata        0x000000004081ba30       0x76 temp/objects/wm.o
 *fill*         0x000000004081baa6        0x2 
 .rodata        0x000000004081baa8      0x16a temp/objects/terminal_app.o
 *fill*         0x000000004081bc12        0x6 
 .rodata        0x000000004081bc18      0x229 temp/objects/myra_app.o
 *fill*         0x000000004081be41        0x7 
 .rodata        0x000000004081be48      0x17b temp/objects/calculator_app.o
 *fill*         0x000000004081bfc3        0x5 
 .rodata        0x000000004081bfc8      0x1d8 temp/objects/files_app.o

.rela.dyn       0x000000004081c1a0        0x0
 .rela.iplt     0x000000004081c1a0        0x0 temp/objects/start.o
 .rela.text.boot
                0x000000004081c1a0        0x0 temp/objects/start.o

.data           0x000000004081d000      0x52a
 *(.data .data.*)
 .data          0x000000004081d000        0x0 temp/objects/start.o
 .data          0x000000004081d000        0x0 temp/objects/vectors.o
 .data          0x000000004081d000        0x0 temp/objects/swtch.o
 .data          0x000000004081d000        0x0 temp/objects/kernel.o
 .data          0x000000004081d000        0x0 temp/objects/uart.o
 .data          0x000000004081d000        0x0 temp/objects/palloc.o
 .data          0x000000004081d000        0x0 temp/objects/kmalloc.o
 .data          0x000000004081d000        0x0 temp/objects/ramfs.o
 .data          0x000000004081d000        0x0 temp/objects/lib.o
 .data          0x000000004081d000        0x0 temp/objects/syscall.o
 .data          0x000000004081d000        0x0 temp/objects/timer.o
 .data          0x000000004081d000        0x0 temp/objects/irq.o
 .data          0x000000004081d000        0x0 temp/objects/framebuffer.o
 .data          0x000000004081d000        0x4 temp/objects/virtio.o
 .data          0x000000004081d004        0x0 temp/objects/init.o
 *fill*         0x000000004081d004        0x4 
 .data          0x000000004081d008      0x110 temp/objects/programs.o
 .data          0x000000004081d118        0x0 temp/objects/echo.o
 .data          0x000000004081d118        0x0 temp/objects/help.o
 .data          0x000000004081d118        0x0 temp/objects/touch.o
 .data          0x000000004081d118        0x0 temp/objects/write.o
 .data          0x000000004081d118        0x0 temp/objects/cat.o
 .data          0x000000004081d118        0x0 temp/objects/ls.o
 .data          0x000000004081d118        0x0 temp/objects/rm.o
 .data          0x000000004081d118        0x0 temp/objects/mkdir.o
 .data          0x000000004081d118        0x0 temp/objects/rmdir.o
 .data          0x000000004081d118        0x0 temp/objects/cp.o
 .data          0x000000004081d118        0x0 temp/objects/mv.o
 .data          0x000000004081d118        0x0 temp/objects/grep.o
 .data          0x000000004081d118        0x0 temp/objects/head.o
 .data          0x000000004081d118        0x0 temp/objects/tail.o
 .data          0x000000004081d118        0x0 temp/objects/more.o
 .data          0x000000004081d118        0x0 temp/objects/tree.o
 .data          0x000000004081d118      0x210 temp/objects/shell.o
 .data          0x000000004081d328        0x4 temp/objects/sched.o
 .data          0x000000004081d32c        0x0 temp/objects/panic.o
 .data          0x000000004081d32c        0x0 temp/objects/service.o
 .data          0x000000004081d32c        0x0 temp/objects/glob.o
 .data          0x000000004081d32c        0x0 temp/objects/pty.o
 .data          0x000000004081d32c        0x0 temp/objects/input.o
 *fill*         0x000000004081d32c        0x4 
 .data          0x000000004081d330       0x82 temp/objects/wm.o
 .data          0x000000004081d3b2        0x0 temp/objects/terminal_app.o
 *fill*         0x000000004081d3b2        0x6 
 .data          0x000000004081d3b8       0xf2 temp/objects/myra_app.o
 .data          0x000000004081d4aa        0x0 temp/objects/calculator_app.o
 *fill*         0x000000004081d4aa        0x6 
 .data          0x000000004081d4b0       0x7a temp/objects/files_app.o

.igot.plt       0x000000004081d530        0x0
 .igot.plt      0x000000004081d530        0x0 temp/objects/start.o

.bss            0x000000004081e000   0x40d328
                0x000000004081e000                __bss_start = .
 *(.bss .bss.*)
 .bss           0x000000004081e000        0x0 temp/objects/start.o
 .bss           0x000000004081e000        0x0 temp/objects/vectors.o
 .bss           0x000000004081e000        0x0 temp/objects/swtch.o
 .bss           0x000000004081e000   0x400000 temp/objects/kernel.o
 .bss           0x0000000040c1e000        0x0 temp/objects/uart.o
 .bss           0x0000000040c1e000      0x210 temp/objects/palloc.o
 .bss           0x0000000040c1e210        0x8 temp/objects/kmalloc.o
 .bss           0x0000000040c1e218        0x8 temp/objects/ramfs.o
 .bss           0x0000000040c1e220        0x8 temp/objects/lib.o
 .bss           0x0000000040c1e228      0x200 temp/objects/syscall.o
 .bss           0x0000000040c1e428        0x4 temp/objects/timer.o
 *fill*         0x0000000040c1e42c        0x4 
 .bss           0x0000000040c1e430      0x180 temp/objects/irq.o
 .bss           0x0000000040c1e5b0       0x20 temp/objects/framebuffer.o
 *fill*         0x0000000040c1e5d0      0xa30 
 .bss           0x0000000040c1f000     0xb004 temp/objects/virtio.o
 .bss           0x0000000040c2a004        0x4 temp/objects/init.o
 .bss           0x0000000040c2a008       0x80 temp/objects/programs.o
 .bss           0x0000000040c2a088        0x0 temp/objects/echo.o
 .bss           0x0000000040c2a088        0x0 temp/objects/help.o
 .bss           0x0000000040c2a088        0x0 temp/objects/touch.o
 .bss           0x0000000040c2a088        0x0 temp/objects/write.o
 .bss           0x0000000040c2a088        0x0 temp/objects/cat.o
 .bss           0x0000000040c2a088        0x0 temp/objects/ls.o
 .bss           0x0000000040c2a088        0x0 temp/objects/rm.o
 .bss           0x0000000040c2a088        0x0 temp/objects/mkdir.o
 .bss           0x0000000040c2a088        0x0 temp/objects/rmdir.o
 .bss           0x0000000040c2a088        0x0 temp/objects/cp.o
 .bss           0x0000000040c2a088        0x0 temp/objects/mv.o
 .bss           0x0000000040c2a088        0x0 temp/objects/grep.o
 .bss           0x0000000040c2a088        0x0 temp/objects/head.o
 .bss           0x0000000040c2a088        0x0 temp/objects/tail.o
 .bss           0x0000000040c2a088        0x0 temp/objects/more.o
 .bss           0x0000000040c2a088        0x0 temp/objects/tree.o
 .bss           0x0000000040c2a088        0x8 temp/objects/shell.o
                0x0000000040c2a088                shell_sigint
 .bss           0x0000000040c2a090      0x100 temp/objects/sched.o
 .bss           0x0000000040c2a190        0x0 temp/objects/panic.o
 .bss           0x0000000040c2a190        0x8 temp/objects/service.o
 .bss           0x0000000040c2a198        0x0 temp/objects/glob.o
 .bss           0x0000000040c2a198        0x0 temp/objects/pty.o
 .bss           0x0000000040c2a198     0x1014 temp/objects/input.o
 *fill*         0x0000000040c2b1ac        0x4 
 .bss           0x0000000040c2b1b0       0x44 temp/objects/wm.o
 *fill*         0x0000000040c2b1f4        0x4 
 .bss           0x0000000040c2b1f8        0x8 temp/objects/terminal_app.o
 .bss           0x0000000040c2b200        0xc temp/objects/myra_app.o
 *fill*         0x0000000040c2b20c        0x4 
 .bss           0x0000000040c2b210        0x8 temp/objects/calculator_app.o
 .bss           0x0000000040c2b218      0x110 temp/objects/files_app.o
 *(COMMON)
                0x0000000040c2b328                __bss_end = .
                0x0000000040c2b328                . = ALIGN (0x8)
                0x0000000040c2f328                . = (. + 0x4000)
                0x0000000040c2f328                stack_top = .
OUTPUT(temp/elfs/kernel.elf elf64-littleaarch64)
LOAD linker stubs

.comment        0x0000000000000000       0x45
 .comment       0x0000000000000000       0x45 temp/objects/kernel.o
                                         0x46 (size before relaxing)
 .comment       0x0000000000000045        0x0 temp/objects/uart.o
                                         0x46 (size before relaxing)
 .comment       0x0000000000000045        0x0 temp/objects/palloc.o
                                         0x46 (size before relaxing)
 .comment       0x0000000000000045        0x0 temp/objects/kmalloc.o
                                         0x46 (size before relaxing)
 .comment       0x0000000000000045        0x0 temp/objects/ramfs.o
                                         0x46 (size before relaxing)
 .comment       0x0000000000000045        0x0 temp/objects/lib.o
                                         0x46 (size before relaxing)
 .comment       0x0000000000000045        0x0 temp/objects/syscall.o
                                         0x46 (size before relaxing)
 .comment       0x0000000000000045        0x0 temp/objects/timer.o
                                         0x46 (size before relaxing)
 .comment       0x0000000000000045        0x0 temp/objects/irq.o
                                         0x46 (size before relaxing)
 .comment       0x0000000000000045        0x0 temp/objects/framebuffer.o
                                         0x46 (size before relaxing)
 .comment       0x0000000000000045        0x0 temp/objects/virtio.o
                                         0x46 (size before relaxing)
 .comment       0x0000000000000045        0x0 temp/objects/init.o
                                         0x46 (size before relaxing)
 .comment       0x0000000000000045        0x0 temp/objects/programs.o
                                         0x46 (size before relaxing)
 .comment       0x0000000000000045        0x0 temp/objects/echo.o
                                         0x46 (size before relaxing)
 .comment       0x0000000000000045        0x0 temp/objects/help.o
                                         0x46 (size before relaxing)
 .comment       0x0000000000000045        0x0 temp/objects/touch.o
                                         0x46 (size before relaxing)
 .comment       0x0000000000000045        0x0 temp/objects/write.o
                                         0x46 (size before relaxing)
 .comment       0x0000000000000045        0x0 temp/objects/cat.o
                                         0x46 (size before relaxing)
 .comment       0x0000000000000045        0x0 temp/objects/ls.o
                                         0x46 (size before relaxing)
 .comment       0x0000000000000045        0x0 temp/objects/rm.o
                                         0x46 (size before relaxing)
 .comment       0x0000000000000045        0x0 temp/objects/mkdir.o
                                         0x46 (size before relaxing)
 .comment       0x0000000000000045        0x0 temp/objects/rmdir.o
                                         0x46 (size before relaxing)
 .comment       0x0000000000000045        0x0 temp/objects/cp.o
                                         0x46 (size before relaxing)
 .comment       0x0000000000000045        0x0 temp/objects/mv.o
                                         0x46 (size before relaxing)
 .comment       0x0000000000000045        0x0 temp/objects/grep.o
                                         0x46 (size before relaxing)
 .comment       0x0000000000000045        0x0 temp/objects/head.o
                                         0x46 (size before relaxing)
 .comment       0x0000000000000045        0x0 temp/objects/tail.o
                                         0x46 (size before relaxing)
 .comment       0x0000000000000045        0x0 temp/objects/more.o
                                         0x46 (size before relaxing)
 .comment       0x0000000000000045        0x0 temp/objects/tree.o
                                         0x46 (size before relaxing)
 .comment       0x0000000000000045        0x0 temp/objects/shell.o
                                         0x46 (size before relaxing)
 .comment       0x0000000000000045        0x0 temp/objects/sched.o
                                         0x46 (size before relaxing)
 .comment       0x0000000000000045        0x0 temp/objects/panic.o
                                         0x46 (size before relaxing)
 .comment       0x0000000000000045        0x0 temp/objects/service.o
                                         0x46 (size before relaxing)
 .comment       0x0000000000000045        0x0 temp/objects/glob.o
                                         0x46 (size before relaxing)
 .comment       0x0000000000000045        0x0 temp/objects/pty.o
                                         0x46 (size before relaxing)
 .comment       0x0000000000000045        0x0 temp/objects/input.o
                                         0x46 (size before relaxing)
 .comment       0x0000000000000045        0x0 temp/objects/wm.o
                                         0x46 (size before relaxing)
 .comment       0x0000000000000045        0x0 temp/objects/terminal_app.o
                                         0x46 (size before relaxing)
 .comment       0x0000000000000045        0x0 temp/objects/myra_app.o
                                         0x46 (size before relaxing)
 .comment       0x0000000000000045        0x0 temp/objects/calculator_app.o
                                         0x46 (size before relaxing)
 .comment       0x0000000000000045        0x0 temp/objects/files_app.o
                                         0x46 (size before relaxing)
